// Jest Snapshot v1, https://goo.gl/fbAQLP

exports[`button component should render correctly 1`] = `
<div
  className="spinner-container"
>
  <div
    className="loading-indicator"
  />
</div>
`;
